<?xml version="1.0" encoding="UTF-8" ?>
<testsuites name="vitest tests" tests="2" failures="0" errors="0" time="0.3203851">
    <testsuite name="test/app.test.ts" timestamp="2026-05-15T18:32:15.277Z" hostname="LAPTOP-3JI0SQEF" tests="2" failures="0" errors="0" skipped="0" time="0.3203851">
        <testcase classname="test/app.test.ts" name="Fastify app &gt; GET /health returns ok status" time="0.3123549">
        </testcase>
        <testcase classname="test/app.test.ts" name="Fastify app &gt; GET / returns app message and version" time="0.0043708">
        </testcase>
    </testsuite>
</testsuites>
